#
# Standard atoms
################
#
false
true
#
# Reserved atoms
################
# DO NOT USE
#
$UNDEF = AI_UNDEFINED
$OK = AI_OK
$YIELD = AI_YIELD
$WAIT = AI_WAIT
$DONE = AI_DONE
$BREAK = AI_BREAK
EXIT = AI_EXIT
#
# Exceptions
#
error
throw
exit
#
# Process priorities
#
high
normal
low
#
# Process info, port info, fun info, system info
#
module
offset
message_queue_len
messages
new_mail
mod_path
trap_exit
registered_name
id
connected
name
arity
env
reductions
runtime
#
# Process statuses, priorities, etc
#
runnable
running
waiting
priority
status
heap_size
#
# Failure reasons
#
not_implemented
not_supported
stack_level
badarg
badmatch
badarith
badfun
badarity
timeout_value
function_clause
if_clause
case_clause
receive_clause
system_limit
noent
undef
#
# Binary type specs
#
integer
float
binary
big
little
native
signed
unsigned
unit
all
#
# Module names
#
error_handler
init
#
# Other atoms
#
ok
infinity
undefined_function
erlang
process_info
atom
constant
function
list
number
pid
port
reference
tuple
export_all
value
run
undefined
wakeup
local
#
# Module encoding
#
term
off
bif
#
# Ports
#
spawn
eof
data
closed
tcp
tcp_space
tcp_connected
tcp_accepted
tcp_closed
udp
udp_closed
space
any
expect
require
accept
#
# Files
#
file
dir
unknown
file_info0
#
# APR error codes
#
anonymous
badch
child_done
child_notdone
detach
eaboveroot
eabsolute
eacces
eagain
ebaddate
ebadf
ebadip
ebadmask
ebadpath
ebusy
econnaborted
econnrefused
econnreset
edsoopen
eexist
eftype
egeneral
ehostunreach
eincomplete
einit
einprogress
eintr
einval
einvalsock
emfile
emismatch
enametoolong
enetdown
enetunreach
enfile
enodir
enoent
enolock
enomem
enopoll
enoproc
enoshmavail
enosocket
enospc
enostat
enotdir
enotempty
enotenoughentropy
enothdkey
enothread
enotime
enotimpl
enotsock
epathwild
epipe
eproc_unknown
erelative
espipe
esymnotfound
etimedout
exdev
filebased
inchild
incomplete
inparent
keybased
notdetach
notfound
timeup
#
# os types
#
aix
beos
dgux
freebsd
hpux
irix
linux
macos
netbsd
netware
openbsd
os2
qnx
solaris
sunos
vms
win32
winnt
unix
# EOF